// Jest Snapshot v1, https://goo.gl/fbAQLP

exports[`renders learn react link 1`] = `
<div>
  <div
    class="App"
  >
    <h2>
       First test 
    </h2>
  </div>
</div>
`;
